// Jest Snapshot v1, https://goo.gl/fbAQLP

exports[`DropdownMenuText.vue should render 1`] = `
<li
  class="hue-dropdown-item-text"
>
   
  
  
</li>
`;
