// Jest Snapshot v1, https://goo.gl/fbAQLP

exports[`DropdownMenuGroup.vue should render 1`] = `
<li>
  <header
    class="dropdown-group-header"
  >
    Some Header
  </header>
  <ul>
    
    
  </ul>
</li>
`;
