// Jest Snapshot v1, https://goo.gl/fbAQLP

exports[`DropdownGroup.vue should render 1`] = `
<li>
  <header
    class="dropdown-group-header"
  >
    Some Header
  </header>
   
  <ul />
</li>
`;
