// Jest Snapshot v1, https://goo.gl/fbAQLP

exports[`ko.createDirectoryModal.js should render component 1`] = `
"<html><head></head><body class=\\"modal-open\\"><div id=\\"createDirectoryModal\\" data-bind=\\"descendantsComplete: descendantsComplete, component: { name: 'create-directory', params: params }\\" data-keyboard=\\"true\\" class=\\"modal hide fade in\\" tabindex=\\"-1\\" aria-hidden=\\"false\\">
  <!-- ko with: activeEntry -->
  <form class=\\"form-horizontal\\">
    <div class=\\"modal-header\\">
      <button type=\\"button\\" class=\\"close\\" data-dismiss=\\"modal\\" aria-label=\\"Close\\"><span aria-hidden=\\"true\\">Ã—</span></button>
      <h2 class=\\"modal-title\\">Create Directory</h2>
    </div>
    <div class=\\"modal-body \\">
      <input id=\\"newDirectoryName\\" class=\\"input large-as-modal\\" type=\\"text\\" placeholder=\\"Directory name\\">
    </div>
    <div class=\\"modal-footer\\">
      <input type=\\"button\\" class=\\"btn\\" data-dismiss=\\"modal\\" data-bind=\\"click: function () { $('#newDirectoryName').val(null) }\\" value=\\"Cancel\\">
      <input type=\\"submit\\" class=\\"btn btn-primary disable-feedback\\" value=\\"Create\\" data-bind=\\"click: function () { if ($('#newDirectoryName').val()) { $data.createDirectory($('#newDirectoryName').val()); $('#createDirectoryModal').modal('hide'); } }\\">
    </div>
  </form>
  <!-- /ko -->
</div><div class=\\"modal-backdrop fade in\\"></div></body></html>"
`;
